Drawable.hpp:132:23:virtual touchgfx::Drawable* touchgfx::Drawable::getFirstChild()	0	static
Drawable.hpp:269:18:virtual void touchgfx::Drawable::setX(int16_t)	0	static
Drawable.hpp:281:18:virtual void touchgfx::Drawable::setY(int16_t)	0	static
Drawable.hpp:310:18:virtual void touchgfx::Drawable::setWidth(int16_t)	0	static
Drawable.hpp:322:18:virtual void touchgfx::Drawable::setHeight(int16_t)	0	static
Drawable.hpp:332:18:virtual void touchgfx::Drawable::childGeometryChanged()	0	static
Drawable.hpp:343:18:virtual void touchgfx::Drawable::handleClickEvent(const touchgfx::ClickEvent&)	0	static
Drawable.hpp:354:18:virtual void touchgfx::Drawable::handleGestureEvent(const touchgfx::GestureEvent&)	0	static
Drawable.hpp:442:18:virtual void touchgfx::Drawable::handleDragEvent(const touchgfx::DragEvent&)	0	static
Drawable.hpp:452:18:virtual void touchgfx::Drawable::handleTickEvent()	0	static
Drawable.hpp:539:18:virtual void touchgfx::Drawable::moveTo(int16_t, int16_t)	4	static
Drawable.hpp:654:18:virtual void touchgfx::Drawable::setupDrawChain(const touchgfx::Rect&, touchgfx::Drawable**)	0	static
Container.hpp:152:23:virtual touchgfx::Drawable* touchgfx::Container::getFirstChild()	0	static
Screen.hpp:92:18:virtual void touchgfx::Screen::setupScreen()	0	static
Screen.hpp:103:18:virtual void touchgfx::Screen::afterTransition()	0	static
Screen.hpp:114:18:virtual void touchgfx::Screen::tearDownScreen()	0	static
Screen.hpp:143:18:virtual void touchgfx::Screen::handleTickEvent()	0	static
Screen.hpp:153:18:virtual void touchgfx::Screen::handleKeyEvent(uint8_t)	0	static
Widget.hpp:47:18:virtual void touchgfx::Widget::getLastChild(int16_t, int16_t, touchgfx::Drawable**)	0	static
AbstractButtonContainer.hpp:114:18:virtual void touchgfx::AbstractButtonContainer::handlePressedUpdated()	0	static
AbstractButtonContainer.hpp:119:18:virtual void touchgfx::AbstractButtonContainer::handleAlphaUpdated()	0	static
AbstractButtonContainer.hpp:34:7:touchgfx::AbstractButtonContainer::~AbstractButtonContainer()	0	static
TypedText.hpp:65:13:touchgfx::TypedText::~TypedText()	0	static
View.hpp:36:7:touchgfx::View<MainScreenPresenter>::~View()	0	static
MainScreenViewBase.hpp:23:13:MainScreenViewBase::~MainScreenViewBase()	0	static
MainScreenViewBase.hpp:30:18:virtual void MainScreenViewBase::ArmConBtnClicked()	0	static
MainScreenViewBase.hpp:35:18:virtual void MainScreenViewBase::BackConBtnClicked()	0	static
MainScreenViewBase.hpp:40:18:virtual void MainScreenViewBase::LegConBtnClicked()	0	static
MainScreenViewBase.hpp:45:18:virtual void MainScreenViewBase::RollerConBtnClicked()	0	static
MainScreenViewBase.cpp:252:6:virtual void MainScreenViewBase::setupScreen()	0	static
ToggleButtonTrigger.hpp:36:7:touchgfx::ToggleButtonTrigger::~ToggleButtonTrigger()	0	static
BoxWithBorderButtonStyle.hpp:123:18:void touchgfx::BoxWithBorderButtonStyle<T>::handlePressedUpdated() [with T = touchgfx::ToggleButtonTrigger]	0	static
Callback.hpp:357:8:touchgfx::Callback<MainScreenViewBase, const touchgfx::AbstractButtonContainer&>::~Callback()	0	static
Callback.hpp:357:8:touchgfx::Callback<MainScreenViewBase, const touchgfx::AbstractButton&>::~Callback()	0	static
BoxWithBorderButtonStyle.hpp:41:7:touchgfx::BoxWithBorderButtonStyle<touchgfx::ToggleButtonTrigger>::~BoxWithBorderButtonStyle()	0	static
Callback.hpp:386:18:void touchgfx::Callback<dest_type, T1, void, void>::execute(T1) [with dest_type = MainScreenViewBase; T1 = const touchgfx::AbstractButtonContainer&]	8	static
Callback.hpp:396:18:bool touchgfx::Callback<dest_type, T1, void, void>::isValid() const [with dest_type = MainScreenViewBase; T1 = const touchgfx::AbstractButtonContainer&]	0	static
Callback.hpp:386:18:void touchgfx::Callback<dest_type, T1, void, void>::execute(T1) [with dest_type = MainScreenViewBase; T1 = const touchgfx::AbstractButton&]	8	static
Callback.hpp:396:18:bool touchgfx::Callback<dest_type, T1, void, void>::isValid() const [with dest_type = MainScreenViewBase; T1 = const touchgfx::AbstractButton&]	0	static
BoxWithBorderButtonStyle.hpp:131:18:void touchgfx::BoxWithBorderButtonStyle<T>::handleAlphaUpdated() [with T = touchgfx::ToggleButtonTrigger]	0	static
TypedText.hpp:65:13:virtual touchgfx::TypedText::~TypedText()	8	static
View.hpp:36:7:virtual touchgfx::View<MainScreenPresenter>::~View()	8	static
AbstractButtonContainer.hpp:34:7:virtual touchgfx::AbstractButtonContainer::~AbstractButtonContainer()	8	static
ToggleButtonTrigger.hpp:36:7:virtual touchgfx::ToggleButtonTrigger::~ToggleButtonTrigger()	8	static
Callback.hpp:357:8:virtual touchgfx::Callback<MainScreenViewBase, const touchgfx::AbstractButton&>::~Callback()	8	static
Callback.hpp:357:8:virtual touchgfx::Callback<MainScreenViewBase, const touchgfx::AbstractButtonContainer&>::~Callback()	8	static
BoxWithBorderButtonStyle.hpp:41:7:virtual touchgfx::BoxWithBorderButtonStyle<touchgfx::ToggleButtonTrigger>::~BoxWithBorderButtonStyle()	8	static
MainScreenViewBase.hpp:23:13:virtual MainScreenViewBase::~MainScreenViewBase()	8	static
MainScreenViewBase.cpp:267:6:void MainScreenViewBase::buttonCallbackHandler(const touchgfx::AbstractButton&)	8	static
AbstractButtonContainer.hpp:99:18:virtual void touchgfx::AbstractButtonContainer::executeAction()	8	static
MainScreenViewBase.cpp:369:6:void MainScreenViewBase::flexButtonCallbackHandler(const touchgfx::AbstractButtonContainer&)	8	static
Drawable.hpp:48:5:touchgfx::Drawable::Drawable()	0	static
Drawable.hpp:297:10:void touchgfx::Drawable::setXY(int16_t, int16_t)	16	static
Drawable.hpp:216:10:void touchgfx::Drawable::setPosition(int16_t, int16_t, int16_t, int16_t)	16	static
Box.hpp:33:5:touchgfx::Box::Box()	8	static
AbstractButtonContainer.hpp:51:10:void touchgfx::AbstractButtonContainer::setPressed(bool)	0	static
ToggleButtonTrigger.hpp:78:18:virtual void touchgfx::ToggleButtonTrigger::handleClickEvent(const touchgfx::ClickEvent&)	16	static
BoxWithBorder.hpp:34:5:touchgfx::BoxWithBorder::BoxWithBorder()	8	static
TextArea.hpp:42:5:touchgfx::TextArea::TextArea()	8	static
TextAreaWithWildcard.hpp:37:5:touchgfx::TextAreaWithOneWildcard::TextAreaWithOneWildcard()	8	static
ButtonWithLabel.hpp:132:10:void touchgfx::ButtonWithLabel::updateTextPosition()	24	static
BoxWithBorderButtonStyle.hpp:44:5:touchgfx::BoxWithBorderButtonStyle<T>::BoxWithBorderButtonStyle() [with T = touchgfx::ToggleButtonTrigger]	16	static
MainScreenViewBase.cpp:38:1:MainScreenViewBase::MainScreenViewBase()	184	static
