Drawable.hpp:132:23:virtual touchgfx::Drawable* touchgfx::Drawable::getFirstChild()	0	static
Drawable.hpp:269:18:virtual void touchgfx::Drawable::setX(int16_t)	0	static
Drawable.hpp:281:18:virtual void touchgfx::Drawable::setY(int16_t)	0	static
Drawable.hpp:310:18:virtual void touchgfx::Drawable::setWidth(int16_t)	0	static
Drawable.hpp:322:18:virtual void touchgfx::Drawable::setHeight(int16_t)	0	static
Drawable.hpp:332:18:virtual void touchgfx::Drawable::childGeometryChanged()	0	static
Drawable.hpp:343:18:virtual void touchgfx::Drawable::handleClickEvent(const touchgfx::ClickEvent&)	0	static
Drawable.hpp:354:18:virtual void touchgfx::Drawable::handleGestureEvent(const touchgfx::GestureEvent&)	0	static
Drawable.hpp:442:18:virtual void touchgfx::Drawable::handleDragEvent(const touchgfx::DragEvent&)	0	static
Drawable.hpp:452:18:virtual void touchgfx::Drawable::handleTickEvent()	0	static
Drawable.hpp:539:18:virtual void touchgfx::Drawable::moveTo(int16_t, int16_t)	4	static
Drawable.hpp:654:18:virtual void touchgfx::Drawable::setupDrawChain(const touchgfx::Rect&, touchgfx::Drawable**)	0	static
Screen.hpp:92:18:virtual void touchgfx::Screen::setupScreen()	0	static
Screen.hpp:103:18:virtual void touchgfx::Screen::afterTransition()	0	static
Screen.hpp:114:18:virtual void touchgfx::Screen::tearDownScreen()	0	static
Screen.hpp:143:18:virtual void touchgfx::Screen::handleTickEvent()	0	static
Screen.hpp:153:18:virtual void touchgfx::Screen::handleKeyEvent(uint8_t)	0	static
Widget.hpp:47:18:virtual void touchgfx::Widget::getLastChild(int16_t, int16_t, touchgfx::Drawable**)	0	static
View.hpp:36:7:touchgfx::View<StartupScreenPresenter>::~View()	0	static
StartupScreenViewBase.hpp:19:13:StartupScreenViewBase::~StartupScreenViewBase()	0	static
FadeAnimator.hpp:41:7:touchgfx::FadeAnimator<touchgfx::Image>::~FadeAnimator()	0	static
FadeAnimator.hpp:84:18:void touchgfx::FadeAnimator<T>::setFadeAnimationDelay(uint16_t) [with T = touchgfx::Image]	0	static
FadeAnimator.hpp:96:22:uint16_t touchgfx::FadeAnimator<T>::getFadeAnimationDelay() const [with T = touchgfx::Image]	0	static
FadeAnimator.hpp:41:7:virtual touchgfx::FadeAnimator<touchgfx::Image>::~FadeAnimator()	8	static
View.hpp:36:7:virtual touchgfx::View<StartupScreenPresenter>::~View()	8	static
StartupScreenViewBase.hpp:19:13:virtual StartupScreenViewBase::~StartupScreenViewBase()	8	static
StartupScreenViewBase.cpp:44:6:virtual void StartupScreenViewBase::handleTickEvent()	8	static
Drawable.hpp:297:10:void touchgfx::Drawable::setXY(int16_t, int16_t)	16	static
Drawable.hpp:365:10:void touchgfx::Drawable::setWidthHeight(int16_t, int16_t)	16	static
Box.hpp:33:5:touchgfx::Box::Box()	0	static
StartupScreenViewBase.cpp:8:1:StartupScreenViewBase::StartupScreenViewBase()	40	static
FadeAnimator.hpp:165:10:void touchgfx::FadeAnimator<T>::nextFadeAnimationStep() [with T = touchgfx::Image]	16	static
FadeAnimator.hpp:157:18:void touchgfx::FadeAnimator<T>::handleTickEvent() [with T = touchgfx::Image]	8	static
StartupScreenViewBase.cpp:27:6:virtual void StartupScreenViewBase::setupScreen()	16	static
