WaitingScreenPresenter.hpp:28:13:WaitingScreenPresenter::~WaitingScreenPresenter()	0	static
WaitingScreenPresenter.cpp:10:6:virtual void WaitingScreenPresenter::activate()	0	static
WaitingScreenPresenter.hpp:28:13:virtual WaitingScreenPresenter::~WaitingScreenPresenter()	8	static
WaitingScreenPresenter.hpp:28:13:virtual void* WaitingScreenPresenter::_ZThn4_N22WaitingScreenPresenterD1Ev()	0	static
WaitingScreenPresenter.cpp:4:1:WaitingScreenPresenter::WaitingScreenPresenter(WaitingScreenView&)	8	static
