Screen.hpp:153:18:virtual void touchgfx::Screen::handleKeyEvent(uint8_t)	0	static
WaitingScreenView.hpp:11:13:WaitingScreenView::~WaitingScreenView()	0	static
WaitingScreenView.cpp:50:6:virtual void WaitingScreenView::tearDownScreen()	0	static
WaitingScreenView.cpp:43:6:virtual void WaitingScreenView::setupScreen()	8	static
WaitingScreenView.cpp:57:6:virtual void WaitingScreenView::handleTickEvent()	24	static
WaitingScreenView.hpp:11:13:virtual WaitingScreenView::~WaitingScreenView()	8	static
WaitingScreenView.cpp:38:1:WaitingScreenView::WaitingScreenView()	8	static
